<p><a href="/octo/demo/blob/main/docs/guide.md">sibling</a>, <a href="/octo/demo/blob/main/README.md">up</a>, <a href="/octo/demo/blob/main/CONTRIBUTING.md">root</a>,
<a href="#section">fragment</a>, <a href="https://example.com/">absolute</a>, and
<a href="/octo/demo/blob/main/">escape attempt</a>.</p>
